[kriesi.at/themes/enfold-parallax/index.html]
[backblue.gif]
[fade.gif]
[index.html]
[kriesi.at/themes/enfold-parallax/wp-content/themes/enfold_av_beta/css/grid4e67.css]
[kriesi.at/themes/enfold-parallax/wp-content/themes/enfold_av_beta/css/base4e67.css]
[kriesi.at/themes/enfold-parallax/wp-content/themes/enfold_av_beta/css/layout4e67.css]
[kriesi.at/themes/enfold-parallax/feed/index.html]
[kriesi.at/themes/enfold-parallax/events/indexedf3.html]
[kriesi.at/themes/enfold-parallax/wp-content/themes/enfold_av_beta/config-templatebuilder/avia-shortcodes/blog/blog5b21.css]
[kriesi.at/themes/enfold-parallax/wp-content/themes/enfold_av_beta/config-templatebuilder/avia-shortcodes/postslider/postslider5b21.css]
[kriesi.at/themes/enfold-parallax/wp-content/themes/enfold_av_beta/config-templatebuilder/avia-shortcodes/buttons/buttons5b21.css]
[kriesi.at/themes/enfold-parallax/wp-content/themes/enfold_av_beta/config-templatebuilder/avia-shortcodes/comments/comments5b21.css]
[kriesi.at/themes/enfold-parallax/wp-content/themes/enfold_av_beta/config-templatebuilder/avia-shortcodes/contact/contact5b21.css]
[kriesi.at/themes/enfold-parallax/wp-content/themes/enfold_av_beta/config-templatebuilder/avia-shortcodes/gallery/gallery5b21.css]
[kriesi.at/themes/enfold-parallax/wp-content/themes/enfold_av_beta/config-templatebuilder/avia-shortcodes/grid_row/grid_row5b21.css]
[kriesi.at/themes/enfold-parallax/wp-content/themes/enfold_av_beta/config-templatebuilder/avia-shortcodes/heading/heading5b21.css]
[kriesi.at/themes/enfold-parallax/wp-content/themes/enfold_av_beta/config-templatebuilder/avia-shortcodes/headline_rotator/headline_rotator5b21.css]
[kriesi.at/themes/enfold-parallax/wp-content/themes/enfold_av_beta/config-templatebuilder/avia-shortcodes/hr/hr5b21.css]
[kriesi.at/themes/enfold-parallax/wp-content/themes/enfold_av_beta/config-templatebuilder/avia-shortcodes/image/image5b21.css]
[kriesi.at/themes/enfold-parallax/wp-content/themes/enfold_av_beta/config-templatebuilder/avia-shortcodes/masonry_entries/masonry_entries5b21.css]
[kriesi.at/themes/enfold-parallax/wp-content/themes/enfold_av_beta/css/avia-snippet-site-preloader5b21.css]
[kriesi.at/themes/enfold-parallax/wp-content/themes/enfold_av_beta/config-templatebuilder/avia-shortcodes/numbers/numbers5b21.css]
[kriesi.at/themes/enfold-parallax/wp-content/themes/enfold_av_beta/config-templatebuilder/avia-shortcodes/social_share/social_share5b21.css]
[kriesi.at/themes/enfold-parallax/wp-content/themes/enfold_av_beta/config-templatebuilder/avia-shortcodes/tabs/tabs5b21.css]
[kriesi.at/themes/enfold-parallax/wp-content/themes/enfold_av_beta/config-templatebuilder/avia-shortcodes/video/video5b21.css]
[kriesi.at/themes/enfold-parallax/wp-includes/css/dist/block-library/style.min5b21.css]
[kriesi.at/themes/enfold-parallax/wp-content/themes/enfold_av_beta/css/shortcodes4e67.css]
[kriesi.at/themes/enfold-parallax/wp-content/themes/enfold_av_beta/js/aviapopup/magnific-popup4e67.css]
[kriesi.at/themes/enfold-parallax/wp-content/themes/enfold_av_beta/css/avia-snippet-lightbox4e67.css]
[kriesi.at/themes/enfold-parallax/wp-content/uploads/sites/87/dynamic_avia/enfold4036.css]
[kriesi.at/themes/enfold-parallax/wp-content/themes/enfold_av_beta/css/custom4e67.css]
[kriesi.at/themes/enfold-parallax/wp-content/themes/enfold_av_beta/config-events-calendar/event-mod5b21.css]
[kriesi.at/themes/enfold-parallax/wp-content/uploads/sites/87/avia_posts_css/post-20098aee.css]
[kriesi.at/themes/enfold-parallax/wp-includes/js/jquery/jquery.minaf6c.js]
[kriesi.at/themes/enfold-parallax/wp-includes/js/jquery/jquery-migrate.mind617.js]
[kriesi.at/themes/enfold-parallax/wp-content/themes/enfold_av_beta/js/avia-compat4e67.js]
[kriesi.at/themes/enfold-parallax/wp-json/wp/v2/pages/2009.json]
[kriesi.at/themes/enfold-parallax/wp-json/index.html]
[kriesi.at/themes/enfold-parallax/wp-includes/wlwmanifest.xml]
[kriesi.at/themes/enfold-parallax/wp-json/oembed/1.0/embed17db.json]
[kriesi.at/themes/enfold-parallax/wp-json/oembed/1.0/embedc6ab]
[kriesi.at/files/favicon.png]
[kriesi.at/themes/enfold-parallax/wp-content/themes/enfold_av_beta/config-templatebuilder/avia-template-builder/assets/fonts/entypo-fontello.woff2]
[kriesi.at/themes/enfold-parallax/wp-json/tribe/events/v1/index.html]
[kriesi.at/themes/enfold-parallax/wp-content/themes/enfold_av_beta/config-templatebuilder/avia-template-builder/assets/fonts/entypo-fontello.woff]
[kriesi.at/themes/enfold-parallax/wp-content/themes/enfold_av_beta/config-templatebuilder/avia-template-builder/assets/fonts/entypo-fontello.ttf]
[kriesi.at/themes/enfold-parallax/wp-content/themes/enfold_av_beta/config-templatebuilder/avia-template-builder/assets/fonts/entypo-fontello.eot]
[kriesi.at/themes/enfold-parallax/wp-content/themes/enfold_av_beta/config-templatebuilder/avia-template-builder/assets/fonts/entypo-fontellod41d.eot]
[kriesi.at/themes/enfold-parallax/wp-content/uploads/sites/87/2022/05/logo_only.png]
[kriesi.at/themes/enfold-parallax/wp-content/uploads/sites/87/2022/05/main-enfold.png]
[kriesi.at/themes/enfold-parallax/wp-content/uploads/sites/87/2022/05/main-parallax.png]
[kriesi.at/themes/enfold-parallax/wp-content/uploads/sites/87/2022/05/ubiq-2Hq0WvL2Yc4-unsplash-845x684.jpg]
[kriesi.at/themes/enfold-parallax/wp-content/uploads/sites/87/2022/05/dusan-jovic-4JpCi9jWaOA-unsplash-200x300.jpg]
[kriesi.at/themes/enfold-parallax/wp-content/uploads/sites/87/2022/05/amr-taha-UOMrO-JN-XQ-unsplash-845x684.jpg]
[kriesi.at/themes/enfold-parallax/wp-content/uploads/sites/87/2022/05/kevin-canlas-e_mbJ0T0mes-unsplash-200x300.jpg]
[kriesi.at/themes/enfold-parallax/wp-content/uploads/sites/87/2022/05/mockup-1-1030x974.jpg]
[kriesi.at/themes/enfold-parallax/wp-content/uploads/sites/87/2022/05/mockup-1-705x666.jpg]
[kriesi.at/themes/enfold-parallax/wp-content/uploads/sites/87/2022/05/mockup-2-1030x974.jpg]
[kriesi.at/themes/enfold-parallax/wp-content/uploads/sites/87/2022/05/mockup-2-705x666.jpg]
[kriesi.at/themes/enfold-parallax/wp-content/uploads/sites/87/2022/05/mockup-3-1030x974.jpg]
[kriesi.at/themes/enfold-parallax/wp-content/uploads/sites/87/2022/05/mockup-3-705x666.jpg]
[kriesi.at/themes/enfold-parallax/wp-content/uploads/sites/87/2022/05/mockup-4-1030x974.jpg]
[kriesi.at/themes/enfold-parallax/wp-content/uploads/sites/87/2022/05/mockup-4-705x666.jpg]
[kriesi.at/themes/enfold-parallax/wp-content/uploads/sites/87/2022/05/mockup-5-1030x974.jpg]
[kriesi.at/themes/enfold-parallax/wp-content/uploads/sites/87/2022/05/mockup-5-705x666.jpg]
[kriesi.at/themes/enfold-parallax/wp-content/uploads/sites/87/2022/05/mockup-6-1030x974.jpg]
[kriesi.at/themes/enfold-parallax/wp-content/uploads/sites/87/2022/05/mockup-6-705x666.jpg]
[kriesi.at/themes/enfold-parallax/wp-content/uploads/sites/87/2022/05/mockup-7-1030x974.jpg]
[kriesi.at/themes/enfold-parallax/wp-content/uploads/sites/87/2022/05/mockup-7-705x666.jpg]
[kriesi.at/themes/enfold-parallax/wp-content/uploads/sites/87/2022/05/mockup-8-1030x974.jpg]
[kriesi.at/themes/enfold-parallax/wp-content/uploads/sites/87/2022/05/mockup-8-705x666.jpg]
[kriesi.at/themes/enfold-parallax/wp-content/plugins/avia_external_link/avia_external_link77ae.js]
[kriesi.at/themes/enfold-parallax/wp-content/themes/enfold_av_beta/js/avia4e67.js]
[kriesi.at/themes/enfold-parallax/wp-content/themes/enfold_av_beta/js/shortcodes4e67.js]
[kriesi.at/themes/enfold-parallax/wp-content/themes/enfold_av_beta/config-templatebuilder/avia-shortcodes/contact/contact5b21.js]
[kriesi.at/themes/enfold-parallax/wp-content/themes/enfold_av_beta/config-templatebuilder/avia-shortcodes/gallery/gallery5b21.js]
[kriesi.at/themes/enfold-parallax/wp-content/themes/enfold_av_beta/config-templatebuilder/avia-shortcodes/headline_rotator/headline_rotator5b21.js]
[kriesi.at/themes/enfold-parallax/wp-content/themes/enfold_av_beta/config-templatebuilder/avia-shortcodes/portfolio/isotope5b21.js]
[kriesi.at/themes/enfold-parallax/wp-content/themes/enfold_av_beta/config-templatebuilder/avia-shortcodes/masonry_entries/masonry_entries5b21.js]
[kriesi.at/themes/enfold-parallax/wp-content/themes/enfold_av_beta/config-templatebuilder/avia-shortcodes/numbers/numbers5b21.js]
[kriesi.at/themes/enfold-parallax/wp-content/themes/enfold_av_beta/config-templatebuilder/avia-shortcodes/tabs/tabs5b21.js]
[kriesi.at/themes/enfold-parallax/wp-content/themes/enfold_av_beta/config-templatebuilder/avia-shortcodes/slideshow/slideshow-video5b21.js]
[kriesi.at/themes/enfold-parallax/wp-content/themes/enfold_av_beta/config-templatebuilder/avia-shortcodes/video/video5b21.js]
[kriesi.at/themes/enfold-parallax/wp-content/themes/enfold_av_beta/js/avia-snippet-hamburger-menu4e67.js]
[kriesi.at/themes/enfold-parallax/wp-content/themes/enfold_av_beta/js/parallax4e67.js]
[kriesi.at/themes/enfold-parallax/wp-content/themes/enfold_av_beta/js/avia-snippet-parallax4e67.js]
[kriesi.at/themes/enfold-parallax/wp-content/themes/enfold_av_beta/js/aviapopup/jquery.magnific-popup.min4e67.js]
[kriesi.at/themes/enfold-parallax/wp-content/themes/enfold_av_beta/js/avia-snippet-lightbox4e67.js]
[kriesi.at/themes/enfold-parallax/wp-content/themes/enfold_av_beta/js/avia-snippet-sticky-header4e67.js]
[kriesi.at/themes/enfold-parallax/wp-content/themes/enfold_av_beta/js/avia-snippet-footer-effects4e67.js]
[kriesi.at/themes/enfold-parallax/wp-content/themes/enfold_av_beta/config-gutenberg/js/avia_blocks_front4e67.js]
[kriesi.at/themes/enfold-parallax/index.html]
[kriesi.at/themes/enfold-parallax/wp-content/themes/enfold_av_beta/css/grid4e67.css]
[kriesi.at/themes/enfold-parallax/wp-content/themes/enfold_av_beta/css/base4e67.css]
[kriesi.at/themes/enfold-parallax/wp-content/themes/enfold_av_beta/images/layout/loading.gif]
[kriesi.at/themes/enfold-parallax/wp-content/themes/enfold_av_beta/css/layout4e67.css]
[kriesi.at/themes/enfold-parallax/wp-content/themes/enfold_av_beta/config-templatebuilder/avia-shortcodes/blog/blog5b21.css]
[kriesi.at/themes/enfold-parallax/wp-content/themes/enfold_av_beta/config-templatebuilder/avia-shortcodes/postslider/postslider5b21.css]
[kriesi.at/themes/enfold-parallax/wp-content/themes/enfold_av_beta/config-templatebuilder/avia-shortcodes/buttons/buttons5b21.css]
[kriesi.at/themes/enfold-parallax/wp-content/themes/enfold_av_beta/config-templatebuilder/avia-shortcodes/comments/comments5b21.css]
[kriesi.at/themes/enfold-parallax/wp-content/themes/enfold_av_beta/config-templatebuilder/avia-shortcodes/contact/contact5b21.css]
[kriesi.at/themes/enfold-parallax/wp-content/themes/enfold_av_beta/config-templatebuilder/avia-shortcodes/gallery/gallery5b21.css]
[kriesi.at/themes/enfold-parallax/wp-content/themes/enfold_av_beta/config-templatebuilder/avia-shortcodes/grid_row/grid_row5b21.css]
[kriesi.at/themes/enfold-parallax/wp-content/themes/enfold_av_beta/config-templatebuilder/avia-shortcodes/heading/heading5b21.css]
[kriesi.at/themes/enfold-parallax/wp-content/themes/enfold_av_beta/config-templatebuilder/avia-shortcodes/headline_rotator/headline_rotator5b21.css]
[kriesi.at/themes/enfold-parallax/wp-content/themes/enfold_av_beta/config-templatebuilder/avia-shortcodes/hr/hr5b21.css]
[kriesi.at/themes/enfold-parallax/wp-content/themes/enfold_av_beta/config-templatebuilder/avia-shortcodes/image/image5b21.css]
[kriesi.at/themes/enfold-parallax/wp-content/themes/enfold_av_beta/config-templatebuilder/avia-shortcodes/masonry_entries/masonry_entries5b21.css]
[kriesi.at/themes/enfold-parallax/wp-content/themes/enfold_av_beta/css/avia-snippet-site-preloader5b21.css]
[kriesi.at/themes/enfold-parallax/wp-content/themes/enfold_av_beta/config-templatebuilder/avia-shortcodes/numbers/numbers5b21.css]
[kriesi.at/themes/enfold-parallax/wp-content/themes/enfold_av_beta/config-templatebuilder/avia-shortcodes/social_share/social_share5b21.css]
[kriesi.at/themes/enfold-parallax/wp-content/themes/enfold_av_beta/config-templatebuilder/avia-shortcodes/tabs/tabs5b21.css]
[kriesi.at/themes/enfold-parallax/wp-content/themes/enfold_av_beta/config-templatebuilder/avia-shortcodes/video/video5b21.css]
[kriesi.at/themes/enfold-parallax/wp-includes/css/dist/block-library/style.min5b21.css]
[kriesi.at/themes/enfold-parallax/wp-content/themes/enfold_av_beta/css/shortcodes4e67.css]
[kriesi.at/themes/enfold-parallax/wp-content/themes/enfold_av_beta/js/aviapopup/magnific-popup4e67.css]
[kriesi.at/themes/enfold-parallax/wp-content/themes/enfold_av_beta/css/avia-snippet-lightbox4e67.css]
[kriesi.at/themes/enfold-parallax/wp-content/uploads/sites/87/dynamic_avia/enfold4036.css]
[kriesi.at/themes/enfold-parallax/wp-content/themes/enfold_av_beta/css/custom4e67.css]
[kriesi.at/themes/enfold-parallax/wp-content/themes/enfold_av_beta/images/layout/preload-dark-big.gif]
[kriesi.at/themes/enfold-parallax/wp-content/themes/enfold_av_beta/config-events-calendar/event-mod5b21.css]
[kriesi.at/themes/enfold-parallax/wp-content/uploads/sites/87/2022/05/startup_dark.jpg]
[kriesi.at/themes/enfold-parallax/wp-content/uploads/sites/87/2022/05/ubiq-2Hq0WvL2Yc4-unsplash.jpg]
[kriesi.at/themes/enfold-parallax/wp-content/uploads/sites/87/2022/05/amr-taha-UOMrO-JN-XQ-unsplash.jpg]
[kriesi.at/themes/enfold-parallax/wp-content/uploads/sites/87/2022/05/parallax_light.png]
[kriesi.at/themes/enfold-parallax/wp-content/uploads/sites/87/avia_posts_css/post-20098aee.css]
[kriesi.at/themes/enfold-parallax/xmlrpc0db0.html]
[kriesi.at/themes/enfold-parallax/xmlrpc.html]
[kriesi.at/themes/enfold-parallax/wp-content/themes/enfold_av_beta/config-templatebuilder/avia-template-builder/assets/fonts/entypo-fontello.svg]
[kriesi.at/themes/enfold-parallax/wp-content/themes/enfold_av_beta/framework/index.html]
[kriesi.at/themes/enfold-parallax/wp-content/themes/enfold_av_beta/index.html]
[kriesi.at/themes/enfold-parallax/wp-admin/admin-ajax.html]
